train 2006-10-27 -> 2016-12-30 | test 2017-01-03 -> 2026-09-10
global rule chosen in training: (3, 'loser', ('hold', 3)) (training Sharpe 0.95)
  AAPL   (10, 'winner', ('hold', 20))       training Sharpe 0.93 (103 trades)
  MSFT   (3, 'loser', ('hold', 20))         training Sharpe 0.61 (108 trades)
  NVDA   (3, 'loser', ('trail', 2.0))       training Sharpe 0.69 (145 trades)
  AMZN   (20, 'winner', ('hold', 5))        training Sharpe 1.08 (260 trades)
  META   (20, 'winner', ('hold', 20))       training Sharpe 0.73 (43 trades)
  GOOGL  (10, 'winner', ('hold', 20))       training Sharpe 0.65 (99 trades)
  TSLA   (3, 'loser', ('hold', 5))          training Sharpe 0.86 (177 trades)
  AVGO   (3, 'winner', ('hold', 5))         training Sharpe 0.59 (24 trades)
  JPM    (3, 'loser', ('hold', 20))         training Sharpe 0.50 (109 trades)
  XOM    (10, 'loser', ('hold', 5))         training Sharpe 0.54 (235 trades)

overfitting tax — per-stock: training Sharpe 0.62 -> test 0.81 | global: training 0.95 -> test 0.79
buy-and-hold the ten (test window): CAGR +36.2% Sharpe 1.29 worst fall -36.6%

=== tuned per-stock: FAIL ===  CAGR +26.1% Sharpe 0.81 total +839.5% worst fall -42.4% trades 169 win 60% per trade +1.684%
    global rule on the same window: CAGR +22.8% Sharpe 0.79 trades 475
    random names: median Sharpe 0.70 (95th 1.04)
  [ ] 1 per-stock beats random names: 31.20% of 1000 random-name runs have Sharpe >= 0.81 (need <= 0.417%)
  [x] 2 per-stock beats the global rule: test Sharpe 0.81 vs 0.79
  [ ] 3 beats buy-and-hold: Sharpe 0.81 vs 1.29; worst fall -42.4% vs -36.6%; CAGR +26.1% vs +36.2%
  [x] 4 enough trades: 169 round trips in the test window
  [x] 5 sub-periods: 4 of 4 positive: +144.4%, +30.1%, +164.4%, +11.7%
  [ ] 6 stress slippage: 31.00% of random-name runs at 15 bps have Sharpe >= 0.72
  [ ] 7 random timing: 1.60% of shifted runs have Sharpe >= 0.81
  [x] 8 fidelity: 0 disagreement(s) between the two implementations over 169 trades; every entry is the open of the day after its signal, every fill a real bar

runtime 1176s
